// Jest Snapshot v1, https://goo.gl/fbAQLP

exports[`AppComponent should match snaptshot 1`] = `
<frontend-root>
  <div
    class="p-5"
  >
    <router-outlet />
  </div>
</frontend-root>
`;
